// Jest Snapshot v1, https://goo.gl/fbAQLP

exports[`Test DecisionResultsStep renders snapshot 1`] = `
<div
  className="sc-bdVaJa bDWFJH"
>
  <li
    className="sc-bwzfXH kuSbvP"
  >
    <label>
      Is a 
      MS
    </label>
    <input
      checked={true}
      disabled={true}
      name="MS"
      type="checkbox"
    />
  </li>
</div>
`;
