// Jest Snapshot v1, https://goo.gl/fbAQLP

exports[`Test DecisionResults renders snapshot 1`] = `
<form
  className="sc-htpNat jPtAfx"
>
  <h2>
    Decision Results
  </h2>
  <ul>
    <div
      className="sc-bxivhb bUZGRr"
    >
      <li
        className="sc-EHOje jqcrHf"
      >
        <label>
          Is not a 
          member state
           
        </label>
        <input
          checked={false}
          disabled={true}
          name="member state"
          type="checkbox"
        />
      </li>
    </div>
  </ul>
</form>
`;
