// Jest Snapshot v1, https://goo.gl/fbAQLP

exports[`Test TextAnalytics renders snapshot 1`] = `
<div
  className="sc-bdVaJa eAwGjB"
>
  <p>
    TextAnalytics
  </p>
  <ul>
    <li>
      Topics:
      EU, 
      AUSTRIA, 
      GERMANY, 
      AUSTRIAN GOVERNMENT, 
    </li>
    <li>
      States:
      GERMANY, 
      AUSTRIA, 
    </li>
  </ul>
</div>
`;
